node.exe : PASS src/tests/discount.service.test.ts
At line:1 char:1
+ & "C:\Program Files\nodejs/node.exe" "C:\Program 
Files\nodejs/node_mo ...
+ ~~~~~~~~~~~~~~~~~~~~~~~~~~~~~~~~~~~~~~~~~~~~~~~~~
~~~~~~~~~~~~~~~~~~~~
    + CategoryInfo          : NotSpecified: (PASS  
   src/tests/discount.service.test.ts:String) [],  
   RemoteException
    + FullyQualifiedErrorId : NativeCommandError
 
  Discount Service
    generateDiscountCode
      ΓêÜ should NOT generate a code when 
orderCount is 0 (4 ms)
      ΓêÜ should generate a code when orderCount 
is a multiple of nthOrder (2 ms)
      ΓêÜ should NOT generate a code when 
orderCount is NOT a multiple of nthOrder
      ΓêÜ should generate codes for successive 
milestones (5th, 10th order) (1 ms)
      ΓêÜ should NOT generate duplicate codes for 
the same milestone
    validateAndApplyDiscount
      ΓêÜ should validate and apply an unused 
discount code
      ΓêÜ should throw an error for an invalid 
code (9 ms)
      ΓêÜ should throw an error for an 
already-used code
    getAllDiscountCodes
      ΓêÜ should return empty array when no codes 
exist
      ΓêÜ should return all generated codes with 
correct statuses

PASS src/tests/checkout.service.test.ts
  Checkout Service
    Basic checkout
      ΓêÜ should create an order with correct 
total (5 ms)
      ΓêÜ should increment the global order count
      ΓêÜ should clear the cart after checkout
      ΓêÜ should store the order in the orders 
array
    Checkout with discount
      ΓêÜ should apply a valid discount code (1 ms)
      ΓêÜ should reject an invalid discount code 
(9 ms)
      ΓêÜ should reject an already-used discount 
code (1 ms)
    Edge cases
      ΓêÜ should throw an error when cart is empty
      ΓêÜ should handle multiple items with same 
product (quantity increment) (1 ms)

Test Suites: 2 passed, 2 total
Tests:       19 passed, 19 total
Snapshots:   0 total
Time:        2.789 s
Ran all test suites.
